Prompt: What is churn rate
Prompt: Explain the difference between MRR and ARR
Prompt: Outline some measures I can take to reduce my churn rate
Prompt: What is customer churn
Prompt: What are some different pricing models I can use
Prompt: What are some different pricing models I can use for my subscription based business
Prompt: What are some different pricing models used in Core&Outline?
Prompt: Tell me about Core&Outline
Prompt: What is recurring revenue
Prompt: what questions can I ask you
Prompt: What is monthly recurring revenue
Prompt: what is churn rate
Prompt: What is MRR
Prompt: Explain churn rate to me
Prompt: What is churn rate?
Prompt: What are some metrics that can be tracked on Social Media
Prompt: How does Core&Outline help my business
Prompt: How does Core&Outline help my business
Prompt: Explain what session duration is
Prompt: What is monthly recurring revenue
Prompt: What is churn rate
Prompt: What does Core&Outline do?
Prompt: What social media metric can I track to improve my business
Prompt: What is churn rate
Prompt: Hey
Prompt: what is churn
Prompt: what is chun
Prompt: How can understanding churn help me
Prompt: How does understanding my recurring revenue help my business
Prompt: How can Core&Outline help my business?
Prompt: What are the top three drivers of revenue growth in the last quarter, and how does that compare to the same quarter last year?
